{
  "description": "Just a basic schema.",
  "title": "Basic Object",
  "type": "object",
  "definitions": {
    "foo": {
      "description": "foo property",
      "readOnly": true,
      "type": "number"
    },
    "bar": {
      "description": "bar property",
      "type": "boolean"
    }
  },
  "properties": {
    "foo": {
      "description": "foo property",
      "readOnly": true,
      "type": "number"
    },
    "bar": {
      "description": "bar property",
      "type": "boolean"
    },
    "stuff": {
      "$ref": "#/definitions/stuff"
    },
    "email": {
      "$ref": "common-definitions.json#/definitions/missing"
    }
  }
}